// Jest Snapshot v1, https://goo.gl/fbAQLP

exports[`ListWidget component matches the snapshot  1`] = `
<div
  className="listWidget top-left"
>
  <div
    className="selector"
  >
    <span
      onClick={[Function]}
    >
      ALL
    </span>
    <span
      onClick={[Function]}
    >
      NONE
    </span>
    <span
      onClick={[Function]}
    >
      INVERT
    </span>
  </div>
  <ul />
</div>
`;
